// Jest Snapshot v1, https://goo.gl/fbAQLP

exports[`should render signinstepOne component 1`] = `
<DocumentFragment>
  <form
    class="ant-form ant-form-horizontal gx-signin-form gx-form-row0"
    id="basic"
  >
    <div
      class="ant-row ant-form-item"
    >
      <div
        class="ant-col ant-form-item-control"
      >
        <div
          class="ant-form-item-control-input"
        >
          <div
            class="ant-form-item-control-input-content"
          >
            <input
              class="ant-input amazon-tool-home-input"
              id="basic_FirstName"
              placeholder="First Name"
              type="text"
              value=""
            />
          </div>
        </div>
      </div>
    </div>
    <div
      class="ant-row ant-form-item"
    >
      <div
        class="ant-col ant-form-item-control"
      >
        <div
          class="ant-form-item-control-input"
        >
          <div
            class="ant-form-item-control-input-content"
          >
            <input
              class="ant-input amazon-tool-home-input"
              id="basic_LastName"
              placeholder="Last Name"
              type="text"
              value=""
            />
          </div>
        </div>
      </div>
    </div>
    <div
      class="ant-row ant-form-item"
    >
      <div
        class="ant-col ant-form-item-control"
      >
        <div
          class="ant-form-item-control-input"
        >
          <div
            class="ant-form-item-control-input-content"
          >
            <input
              class="ant-input amazon-tool-home-input"
              id="basic_email"
              placeholder="Email"
              type="text"
              value=""
            />
          </div>
        </div>
      </div>
    </div>
    <div
      class="ant-row ant-form-item"
    >
      <div
        class="ant-col ant-form-item-control"
      >
        <div
          class="ant-form-item-control-input"
        >
          <div
            class="ant-form-item-control-input-content"
          >
            <input
              class="ant-input amazon-tool-home-input"
              id="basic_username"
              placeholder="Username"
              type="text"
              value=""
            />
          </div>
        </div>
      </div>
    </div>
    <div
      class="ant-row ant-form-item"
    >
      <div
        class="ant-col ant-form-item-control"
      >
        <div
          class="ant-form-item-control-input"
        >
          <div
            class="ant-form-item-control-input-content"
          >
            <input
              class="ant-input amazon-tool-home-input"
              id="basic_password"
              placeholder="Password"
              type="password"
              value=""
            />
          </div>
        </div>
      </div>
    </div>
    <div
      class="ant-row ant-form-item"
    >
      <div
        class="ant-col ant-form-item-control"
      >
        <div
          class="ant-form-item-control-input"
        >
          <div
            class="ant-form-item-control-input-content"
          >
            <input
              class="ant-input amazon-tool-home-input"
              id="basic_confirm"
              placeholder="Confirm password"
              type="password"
              value=""
            />
          </div>
        </div>
      </div>
    </div>
    <div
      class="ant-row ant-form-item"
    >
      <div
        class="ant-col ant-form-item-control"
      >
        <div
          class="ant-form-item-control-input"
        >
          <div
            class="ant-form-item-control-input-content"
          >
            <button
              class="ant-btn gx-mb-0 ant-btn-primary ant-btn-lg ant-btn-block"
              style="height: 48px;"
              type="submit"
            >
              app.userAuth.NextStep
            </button>
          </div>
        </div>
      </div>
    </div>
  </form>
</DocumentFragment>
`;
